core_cm4.h:1679:22:__NVIC_EnableIRQ	16	static,ignoring_inline_asm
core_cm4.h:1809:22:__NVIC_SetPriority	16	static
main.c:137:5:main	8	static
main.c:192:6:SystemClock_Config	184	static
main.c:256:13:MX_USART2_UART_Init	8	static
main.c:291:13:MX_GPIO_Init	40	static
main.c:314:6:TIM6_DAC_IRQHandler	4	static
main.c:332:6:GPIO_Config	4	static
main.c:351:6:Timer1_Config	4	static
main.c:378:6:Timer6_Config	4	static
main.c:387:6:ADC_Config	4	static
main.c:427:6:Error_Handler	4	static,ignoring_inline_asm
